in_source: |
  (prints (read))
in_stdin: |
  hello

out_stdout: |
  hello
out_debug: |-
  ##### Data section #####
  <address>      <length>       <data>

  ##### Instruction section #####
  <address>      <hexcode>      <mnemonica>
  #:
  0x00000000     0x0c200021     br *0x21            (start)
  prints:
  0x00000001     0x06000000     push
  0x00000002     0x06000000     push
  0x00000003     0x02500000     ld **spr
  0x00000004     0x09100000     cmp #0x0
  0x00000005     0x0a300004     brz *ipr+0x4
  0x00000006     0x032015b4     st *0x15b4
  0x00000007     0x0d400000     inc *spr
  0x00000008     0x0c3ffffb     br *ipr-0x5
  0x00000009     0x07000000     pop
  0x0000000a     0x11400000     sub *spr
  0x0000000b     0x08000000     popn
  0x0000000c     0x05000000     ret
  read:
  0x0000000d     0x06000000     push
  0x0000000e     0x06000000     push
  0x0000000f     0x02100000     ld #0x0
  0x00000010     0x06000000     push
  0x00000011     0x022015b3     ld *0x15b3
  0x00000012     0x0910000a     cmp #0xa
  0x00000013     0x0a300008     brz *ipr+0x8
  0x00000014     0x03500001     st **spr+0x1
  0x00000015     0x0d400001     inc *spr+0x1
  0x00000016     0x0d400000     inc *spr
  0x00000017     0x02400000     ld *spr
  0x00000018     0x0910007f     cmp #0x7f
  0x00000019     0x0a300002     brz *ipr+0x2
  0x0000001a     0x0c3ffff7     br *ipr-0x9
  0x0000001b     0x02100000     ld #0x0
  0x0000001c     0x03500001     st **spr+0x1
  0x0000001d     0x07000000     pop
  0x0000001e     0x07000000     pop
  0x0000001f     0x07000000     pop
  0x00000020     0x05000000     ret
  start:
  0x00000021     0x02100000     ld #0x0             (anon$0)
  0x00000022     0x0420000d     call *0xd           (read)
  0x00000023     0x04200001     call *0x1           (prints)
  0x00000024     0x01000000     halt
