in_source: |
  (defun sum_seven (a b c d e f g)
      (+ a b c d e f g))

  (defun mul_seven (a b c d e f g)
      (* a b c d e f g))

  (printi (sum_seven 1 2 3 4 5 6 7))
  (prints " ")
  (printi (mul_seven 2000000 2000000 2000000 2000000 2000000 2000000 2000000))
in_stdin: |

out_stdout: |
  28 -1373034936394579968
out_debug: |-
  ##### Data section #####
  <address>      <length>       <data>
  0x000          2              ' '
  0x002          1              2000000

  ##### Instruction section #####
  <address>      <hexcode>      <mnemonica>
  #:
  0x00000000     0x0c200060     br *0x60            (start)
  printi:
  0x00000001     0x06000000     push
  0x00000002     0x02400002     ld *spr+0x2
  0x00000003     0x10100014     add #0x14
  0x00000004     0x03400002     st *spr+0x2
  0x00000005     0x02100000     ld #0x0
  0x00000006     0x03500002     st **spr+0x2
  0x00000007     0x02400000     ld *spr
  0x00000008     0x09100000     cmp #0x0
  0x00000009     0x0b300005     brge *ipr+0x5
  0x0000000a     0x0210002d     ld #0x2d
  0x0000000b     0x032015b4     st *0x15b4
  0x0000000c     0x02400000     ld *spr
  0x0000000d     0x14000000     inv
  0x0000000e     0x06000000     push
  0x0000000f     0x0f10000a     mod #0xa
  0x00000010     0x10100030     add #0x30
  0x00000011     0x0e400003     dec *spr+0x3
  0x00000012     0x03500003     st **spr+0x3
  0x00000013     0x02400000     ld *spr
  0x00000014     0x1310000a     div #0xa
  0x00000015     0x09100000     cmp #0x0
  0x00000016     0x0a300003     brz *ipr+0x3
  0x00000017     0x03400000     st *spr
  0x00000018     0x0c3ffff7     br *ipr-0x9
  0x00000019     0x07000000     pop
  0x0000001a     0x02400002     ld *spr+0x2
  0x0000001b     0x04200024     call *0x24          (prints)
  0x0000001c     0x06000000     push
  0x0000001d     0x02400001     ld *spr+0x1
  0x0000001e     0x09100000     cmp #0x0
  0x0000001f     0x0b300002     brge *ipr+0x2
  0x00000020     0x0d400000     inc *spr
  0x00000021     0x07000000     pop
  0x00000022     0x08000000     popn
  0x00000023     0x05000000     ret
  prints:
  0x00000024     0x06000000     push
  0x00000025     0x06000000     push
  0x00000026     0x02500000     ld **spr
  0x00000027     0x09100000     cmp #0x0
  0x00000028     0x0a300004     brz *ipr+0x4
  0x00000029     0x032015b4     st *0x15b4
  0x0000002a     0x0d400000     inc *spr
  0x0000002b     0x0c3ffffb     br *ipr-0x5
  0x0000002c     0x07000000     pop
  0x0000002d     0x11400000     sub *spr
  0x0000002e     0x08000000     popn
  0x0000002f     0x05000000     ret
  sum_seven:
  0x00000030     0x06000000     push
  0x00000031     0x02400007     ld *spr+0x7         (g)
  0x00000032     0x06000000     push
  0x00000033     0x02400007     ld *spr+0x7         (f)
  0x00000034     0x10400000     add *spr
  0x00000035     0x03400000     st *spr
  0x00000036     0x02400006     ld *spr+0x6         (e)
  0x00000037     0x10400000     add *spr
  0x00000038     0x03400000     st *spr
  0x00000039     0x02400005     ld *spr+0x5         (d)
  0x0000003a     0x10400000     add *spr
  0x0000003b     0x03400000     st *spr
  0x0000003c     0x02400004     ld *spr+0x4         (c)
  0x0000003d     0x10400000     add *spr
  0x0000003e     0x03400000     st *spr
  0x0000003f     0x02400003     ld *spr+0x3         (b)
  0x00000040     0x10400000     add *spr
  0x00000041     0x03400000     st *spr
  0x00000042     0x02400001     ld *spr+0x1         (a)
  0x00000043     0x10400000     add *spr
  0x00000044     0x03400000     st *spr
  0x00000045     0x07000000     pop
  0x00000046     0x08000000     popn
  0x00000047     0x05000000     ret
  mul_seven:
  0x00000048     0x06000000     push
  0x00000049     0x02400007     ld *spr+0x7         (g)
  0x0000004a     0x06000000     push
  0x0000004b     0x02400007     ld *spr+0x7         (f)
  0x0000004c     0x12400000     mul *spr
  0x0000004d     0x03400000     st *spr
  0x0000004e     0x02400006     ld *spr+0x6         (e)
  0x0000004f     0x12400000     mul *spr
  0x00000050     0x03400000     st *spr
  0x00000051     0x02400005     ld *spr+0x5         (d)
  0x00000052     0x12400000     mul *spr
  0x00000053     0x03400000     st *spr
  0x00000054     0x02400004     ld *spr+0x4         (c)
  0x00000055     0x12400000     mul *spr
  0x00000056     0x03400000     st *spr
  0x00000057     0x02400003     ld *spr+0x3         (b)
  0x00000058     0x12400000     mul *spr
  0x00000059     0x03400000     st *spr
  0x0000005a     0x02400001     ld *spr+0x1         (a)
  0x0000005b     0x12400000     mul *spr
  0x0000005c     0x03400000     st *spr
  0x0000005d     0x07000000     pop
  0x0000005e     0x08000000     popn
  0x0000005f     0x05000000     ret
  start:
  0x00000060     0x02100003     ld #0x3             (anon$0)
  0x00000061     0x06000000     push
  0x00000062     0x02100007     ld #0x7
  0x00000063     0x06000000     push
  0x00000064     0x02100006     ld #0x6
  0x00000065     0x06000000     push
  0x00000066     0x02100005     ld #0x5
  0x00000067     0x06000000     push
  0x00000068     0x02100004     ld #0x4
  0x00000069     0x06000000     push
  0x0000006a     0x02100003     ld #0x3
  0x0000006b     0x06000000     push
  0x0000006c     0x02100002     ld #0x2
  0x0000006d     0x06000000     push
  0x0000006e     0x02100001     ld #0x1
  0x0000006f     0x04200030     call *0x30          (sum_seven)
  0x00000070     0x08000000     popn
  0x00000071     0x08000000     popn
  0x00000072     0x08000000     popn
  0x00000073     0x08000000     popn
  0x00000074     0x08000000     popn
  0x00000075     0x08000000     popn
  0x00000076     0x04200001     call *0x1           (printi)
  0x00000077     0x08000000     popn
  0x00000078     0x02100000     ld #0x0             ( )
  0x00000079     0x04200024     call *0x24          (prints)
  0x0000007a     0x02100018     ld #0x18            (anon$1)
  0x0000007b     0x06000000     push
  0x0000007c     0x02200002     ld *0x2             (2000000)
  0x0000007d     0x06000000     push
  0x0000007e     0x02200002     ld *0x2             (2000000)
  0x0000007f     0x06000000     push
  0x00000080     0x02200002     ld *0x2             (2000000)
  0x00000081     0x06000000     push
  0x00000082     0x02200002     ld *0x2             (2000000)
  0x00000083     0x06000000     push
  0x00000084     0x02200002     ld *0x2             (2000000)
  0x00000085     0x06000000     push
  0x00000086     0x02200002     ld *0x2             (2000000)
  0x00000087     0x06000000     push
  0x00000088     0x02200002     ld *0x2             (2000000)
  0x00000089     0x04200048     call *0x48          (mul_seven)
  0x0000008a     0x08000000     popn
  0x0000008b     0x08000000     popn
  0x0000008c     0x08000000     popn
  0x0000008d     0x08000000     popn
  0x0000008e     0x08000000     popn
  0x0000008f     0x08000000     popn
  0x00000090     0x04200001     call *0x1           (printi)
  0x00000091     0x08000000     popn
  0x00000092     0x01000000     halt
