in_source: |
  (print "Hello,\nworld!")
in_stdin: |

out_stdout: |
  Hello,
  world!
out_debug: |-
  ##### Data memory #####
  <address>      <length>       <data>
  0x00000000     14             'Hello,\nworld!'

  ##### Instruction memory #####
  <address>      <hexcode>      <mnemonica>
  #:
  0x00000000     0x0c200011     br *0x11            ('start' function)
  print:
  0x00000001     0x06000000     push
  0x00000002     0x02100000     ld #0x0
  0x00000003     0x06000000     push
  0x00000004     0x02500001     ld **spr+0x1
  0x00000005     0x09100000     cmp #0x0
  0x00000006     0x0a300008     bre *ipr+0x8
  0x00000007     0x032015b4     st *0x15b4
  0x00000008     0x0d400001     inc *spr+0x1
  0x00000009     0x0d400000     inc *spr
  0x0000000a     0x02400000     ld *spr
  0x0000000b     0x09100080     cmp #0x80
  0x0000000c     0x0a300002     bre *ipr+0x2
  0x0000000d     0x0c3ffff7     br *ipr-0x9
  0x0000000e     0x07000000     pop
  0x0000000f     0x08000000     popn
  0x00000010     0x05000000     ret
  start:
  0x00000011     0x02100000     ld #0x0             ('Hello,\nworld!' const)
  0x00000012     0x04200001     call *0x1           ('print' function)
  0x00000013     0x01000000     halt
