in_source: |
  (printi (/
      (* 1 2 3 4 5)
      (* (mod 166 (- -5 -15)) (+ 2 -5 5 (- 10 10)))))
in_stdin: |

out_stdout: |
  10
